C51 COMPILER V9.60.0.0   LCD_INTERFACE                                                     09/07/2021 20:34:28 PAGE 1   


C51 COMPILER V9.60.0.0, COMPILATION OF MODULE LCD_INTERFACE
OBJECT MODULE PLACED IN .\Objects\lcd_interface.obj
COMPILER INVOKED BY: C:\Keil_v5\C51\BIN\C51.EXE lcd_interface.c OPTIMIZE(8,SPEED) BROWSE DEBUG OBJECTEXTEND PRINT(.\List
                    -ings\lcd_interface.lst) TABS(2) OBJECT(.\Objects\lcd_interface.obj)

line level    source

   1          #include<reg51.h>
   2          #define display_port P3      
   3          sbit rs = P2^0;  
   4          sbit rw = P2^1;  
   5          sbit e =  P2^2;  
   6          
   7          void msdelay(unsigned int count)
   8          {
   9   1          unsigned i,j ;
  10   1          for(i=0;i<count;i++)
  11   1          for(j=0;j<112;j++);
  12   1      }
  13          
  14          void lcd(unsigned char cmordata, unsigned char cord) 
  15          {
  16   1          display_port = cmordata;
  17   1          rs= cord;
  18   1          rw=0;
  19   1          e=1;
  20   1          msdelay(1);
  21   1          e=0;
  22   1          msdelay(5);
  23   1      }
  24          
  25           void lcd_init()    
  26          {
  27   1          msdelay(20);
  28   1          lcd(0x38, 0);  
  29   1          //msdelay(1);
  30   1          lcd(0x0C, 0);  
  31   1          //msdelay(1);
  32   1          lcd(0x01, 0);  
  33   1          //msdelay(1);
  34   1          lcd(0x06, 0);  
  35   1          //msdelay(1);
  36   1          lcd(0x80, 0);  
  37   1          //msdelay(1);
  38   1          //lcd(0x80, 0);
  39   1          //msdelay(1);
  40   1      }
  41          void main()
  42          { 
  43   1          unsigned char arr[]="Embedded System";
  44   1          unsigned char k;
  45   1          lcd_init();
  46   1          for(k=0;k<sizeof(arr);k++)
  47   1          {
  48   2            lcd(arr[k], 1);
  49   2          }
  50   1          while(1);
  51   1      }


MODULE INFORMATION:   STATIC OVERLAYABLE
C51 COMPILER V9.60.0.0   LCD_INTERFACE                                                     09/07/2021 20:34:28 PAGE 2   

   CODE SIZE        =    149    ----
   CONSTANT SIZE    =     16    ----
   XDATA SIZE       =   ----    ----
   PDATA SIZE       =   ----    ----
   DATA SIZE        =   ----      16
   IDATA SIZE       =   ----    ----
   BIT SIZE         =   ----    ----
END OF MODULE INFORMATION.


C51 COMPILATION COMPLETE.  0 WARNING(S),  0 ERROR(S)
