BL51 BANKED LINKER/LOCATER V6.22.2.0                                                    08/30/2021  10:55:35  PAGE 1


BL51 BANKED LINKER/LOCATER V6.22.2.0, INVOKED BY:
C:\KEIL_V5\C51\BIN\BL51.EXE .\Objects\serialtest.obj TO .\Objects\serialtest PRINT (.\Listings\serialtest.m51)


MEMORY MODEL: SMALL


INPUT MODULES INCLUDED:
  .\Objects\serialtest.obj (SERIALTEST)
  C:\KEIL_V5\C51\LIB\C51S.LIB (?C_STARTUP)


LINK MAP OF MODULE:  .\Objects\serialtest (SERIALTEST)


            TYPE    BASE      LENGTH    RELOCATION   SEGMENT NAME
            -----------------------------------------------------

            * * * * * * *   D A T A   M E M O R Y   * * * * * * *
            REG     0000H     0008H     ABSOLUTE     "REG BANK 0"
            IDATA   0008H     0001H     UNIT         ?STACK

            * * * * * * *   C O D E   M E M O R Y   * * * * * * *
            CODE    0000H     0003H     ABSOLUTE     
                    0003H     07FDH                  *** GAP ***
            CODE    0800H     0035H     UNIT         ?PR?MAIN?SERIALTEST
            CODE    0835H     000CH     UNIT         ?C_C51STARTUP



OVERLAY MAP OF MODULE:   .\Objects\serialtest (SERIALTEST)


SEGMENT
  +--> CALLED SEGMENT
---------------------
?C_C51STARTUP
  +--> ?PR?MAIN?SERIALTEST



SYMBOL TABLE OF MODULE:  .\Objects\serialtest (SERIALTEST)

  VALUE           TYPE          NAME
  ----------------------------------

  -------         MODULE        SERIALTEST
  C:0000H         SYMBOL        _ICE_DUMMY_
  D:0090H         PUBLIC        P1
  B:0098H.0       PUBLIC        RI
  B:0098H.1       PUBLIC        TI
  C:0800H         PUBLIC        main
  D:0099H         PUBLIC        SBUF
  D:0098H         PUBLIC        SCON
  D:0089H         PUBLIC        TMOD
  D:008DH         PUBLIC        TH1
  B:0088H.6       PUBLIC        TR1
  -------         PROC          MAIN
BL51 BANKED LINKER/LOCATER V6.22.2.0                                                  08/30/2021  10:55:35  PAGE 2


  C:0800H         LINE#         3
  C:0800H         LINE#         4
  C:0800H         LINE#         5
  C:0803H         LINE#         6
  C:0806H         LINE#         7
  C:0809H         LINE#         8
  C:080BH         LINE#         11
  C:080BH         LINE#         12
  C:080BH         LINE#         13
  C:080EH         LINE#         14
  C:0811H         LINE#         15
  C:0813H         LINE#         17
  C:0816H         LINE#         18
  C:0819H         LINE#         19
  C:081BH         LINE#         21
  C:081EH         LINE#         22
  C:0821H         LINE#         23
  C:0823H         LINE#         27
  C:0826H         LINE#         28
  C:0829H         LINE#         29
  C:082BH         LINE#         31
  C:082EH         LINE#         32
  C:0831H         LINE#         33
  C:0833H         LINE#         35
  -------         ENDPROC       MAIN
  -------         ENDMOD        SERIALTEST

******************************************************************************
* RESTRICTED VERSION WITH 0800H BYTE CODE SIZE LIMIT; USED: 0035H BYTE ( 2%) *
******************************************************************************

Program Size: data=9.0 xdata=0 code=68
LINK/LOCATE RUN COMPLETE.  0 WARNING(S),  0 ERROR(S)
